[2026-08-25 08:39:50] === START ChemBERTa+GCN+GIN+GAT PPB seeds 42 ===
No normalization for SPS. Feature removed!
No normalization for AvgIpc. Feature removed!
No normalization for NumAmideBonds. Feature removed!
No normalization for NumAtomStereoCenters. Feature removed!
No normalization for NumBridgeheadAtoms. Feature removed!
No normalization for NumHeterocycles. Feature removed!
No normalization for NumSpiroAtoms. Feature removed!
No normalization for NumUnspecifiedAtomStereoCenters. Feature removed!
No normalization for Phi. Feature removed!
Skipped loading some Tensorflow models, missing a dependency. No module named 'tensorflow'
Skipped loading modules with pytorch-geometric dependency, missing a dependency. No module named 'dgl'
Skipped loading modules with transformers dependency. No module named 'transformers.models.roberta.tokenization_roberta_fast'
cannot import name 'Chemberta' from 'deepchem.models.torch_models' (/Users/pradyu/opt/miniconda3/envs/dc/lib/python3.10/site-packages/deepchem/models/torch_models/__init__.py)
Skipped loading modules with pytorch-lightning dependency, missing a dependency. No module named 'lightning'
Skipped loading some Jax models, missing a dependency. No module named 'jax'
Skipped loading some PyTorch models, missing a dependency. No module named 'tensorflow'
Warning: You are sending unauthenticated requests to the HF Hub. Please set a HF_TOKEN to enable higher rate limits and faster downloads.
Loading weights:   0%|          | 0/103 [00:00<?, ?it/s]Loading weights: 100%|██████████| 103/103 [00:00<00:00, 28236.16it/s]
[transformers] [1mRobertaModel LOAD REPORT[0m from: seyonec/ChemBERTa-zinc-base-v1
Key                       | Status     |  | 
--------------------------+------------+--+-
lm_head.decoder.bias      | UNEXPECTED |  | 
lm_head.decoder.weight    | UNEXPECTED |  | 
lm_head.layer_norm.weight | UNEXPECTED |  | 
lm_head.bias              | UNEXPECTED |  | 
lm_head.layer_norm.bias   | UNEXPECTED |  | 
lm_head.dense.bias        | UNEXPECTED |  | 
lm_head.dense.weight      | UNEXPECTED |  | 

Notes:
- UNEXPECTED:	can be ignored when loading from different task/architecture; not ok if you expect identical arch.
[ppb] Multimodal ChemBERTa+GCN+GIN+GAT seed=42 n=1291/161/162 params=44645633 tasks=1 device=mps graph=3x128 drop=0.25
  epochs 1-2: ChemBERTa frozen
[ppb/fusion-gcn+gin+gat] seed=42 epoch 1/20 loss=0.9622 train_r2=0.1382 valid_r2=0.0727
[ppb/fusion-gcn+gin+gat] seed=42 epoch 2/20 loss=0.7617 train_r2=0.3020 valid_r2=0.2005
  epoch 3: ChemBERTa unfrozen (diff LR)
[ppb/fusion-gcn+gin+gat] seed=42 epoch 3/20 loss=0.7139 train_r2=0.5228 valid_r2=0.3661
[ppb/fusion-gcn+gin+gat] seed=42 epoch 4/20 loss=0.5801 train_r2=0.5083 valid_r2=0.3679
[ppb/fusion-gcn+gin+gat] seed=42 epoch 5/20 loss=0.5320 train_r2=0.5104 valid_r2=0.4102
[ppb/fusion-gcn+gin+gat] seed=42 epoch 6/20 loss=0.4671 train_r2=0.6926 valid_r2=0.4349
[ppb/fusion-gcn+gin+gat] seed=42 epoch 7/20 loss=0.4004 train_r2=0.6128 valid_r2=0.4146
[ppb/fusion-gcn+gin+gat] seed=42 epoch 8/20 loss=0.3371 train_r2=0.7712 valid_r2=0.4025
[ppb/fusion-gcn+gin+gat] seed=42 epoch 9/20 loss=0.3163 train_r2=0.7144 valid_r2=0.3181
[ppb/fusion-gcn+gin+gat] seed=42 epoch 10/20 loss=0.3010 train_r2=0.8101 valid_r2=0.4369
[ppb/fusion-gcn+gin+gat] seed=42 epoch 11/20 loss=0.2609 train_r2=0.8181 valid_r2=0.4046
[ppb/fusion-gcn+gin+gat] seed=42 epoch 12/20 loss=0.2243 train_r2=0.8204 valid_r2=0.3628
[ppb/fusion-gcn+gin+gat] seed=42 epoch 13/20 loss=0.2044 train_r2=0.8900 valid_r2=0.4329
[ppb/fusion-gcn+gin+gat] seed=42 epoch 14/20 loss=0.2132 train_r2=0.8510 valid_r2=0.3900
[ppb/fusion-gcn+gin+gat] seed=42 epoch 15/20 loss=0.1893 train_r2=0.8855 valid_r2=0.4468
[ppb/fusion-gcn+gin+gat] seed=42 epoch 16/20 loss=0.1660 train_r2=0.8959 valid_r2=0.3907
[ppb/fusion-gcn+gin+gat] seed=42 epoch 17/20 loss=0.1675 train_r2=0.8808 valid_r2=0.4143
[ppb/fusion-gcn+gin+gat] seed=42 epoch 18/20 loss=0.1579 train_r2=0.9149 valid_r2=0.4222
[ppb/fusion-gcn+gin+gat] seed=42 epoch 19/20 loss=0.1563 train_r2=0.8564 valid_r2=0.3956
[ppb/fusion-gcn+gin+gat] seed=42 epoch 20/20 loss=0.1365 train_r2=0.8964 valid_r2=0.4278
[ppb] Multimodal ChemBERTa+GCN+GIN+GAT seed=42 best_epoch=15 test R2=0.2470 RMSE=0.8425 (2938.8s)
[2026-08-25 09:31:40] === quad fusion done; compiling PPB_pivot ===
PPB_pivot compiled
  rows: 39
  main models: ['ChemBERTa_zinc_base_v1_lr1e-05_e20', 'Multimodal_ChemBERTa_GAT_e20', 'Multimodal_ChemBERTa_GCN_GIN_GAT_e20', 'Multimodal_ChemBERTa_GCN_e20', 'Multimodal_ChemBERTa_GIN_e20', 'PyG_GAT_h128_e100', 'PyG_GCN_h128_e100', 'PyG_GIN_h128_e100', 'RandomForest_ECFP', 'TripleGNN_GCN_GIN_GAT_h128_e100', 'XGBoost_ECFP']
                label  n   r2_mean   r2_std  rmse_orig_mean
ChemBERTa+GCN+GIN+GAT  1  0.247014      NaN       13.992774
        ChemBERTa+GCN  3  0.230716 0.076843       14.131753
        ChemBERTa+GIN  3  0.204811 0.002446       14.379547
          GCN+GIN+GAT  3  0.203900 0.082267       14.374572
        ChemBERTa+GAT  3  0.177280 0.014389       14.625990
                  GAT  3  0.144795 0.043474       14.909124
                  GCN  3  0.144377 0.034299       14.913956
            ChemBERTa  3  0.133244 0.048998       15.008669
                  GIN  3  0.048597 0.047692       15.725369
       XGBoost + ECFP  3 -0.043197 0.022557       16.469358
            RF + ECFP  3 -0.088854 0.017271       16.826205
Wrote /Users/pradyu/Documents/1_Work/2_Research/DeepChem_ML/Project_1/PPB_pivot
[2026-08-25 09:31:40] === DONE ChemBERTa+GCN+GIN+GAT PPB seeds 42 ===
