[2026-08-25 02:37:02] === START ChemBERTa+GAT PPB seeds 42,43,44 ===
No normalization for SPS. Feature removed!
No normalization for AvgIpc. Feature removed!
No normalization for NumAmideBonds. Feature removed!
No normalization for NumAtomStereoCenters. Feature removed!
No normalization for NumBridgeheadAtoms. Feature removed!
No normalization for NumHeterocycles. Feature removed!
No normalization for NumSpiroAtoms. Feature removed!
No normalization for NumUnspecifiedAtomStereoCenters. Feature removed!
No normalization for Phi. Feature removed!
Skipped loading some Tensorflow models, missing a dependency. No module named 'tensorflow'
Skipped loading modules with pytorch-geometric dependency, missing a dependency. No module named 'dgl'
Skipped loading modules with transformers dependency. No module named 'transformers.models.roberta.tokenization_roberta_fast'
cannot import name 'Chemberta' from 'deepchem.models.torch_models' (/Users/pradyu/opt/miniconda3/envs/dc/lib/python3.10/site-packages/deepchem/models/torch_models/__init__.py)
Skipped loading modules with pytorch-lightning dependency, missing a dependency. No module named 'lightning'
Skipped loading some Jax models, missing a dependency. No module named 'jax'
Skipped loading some PyTorch models, missing a dependency. No module named 'tensorflow'
Warning: You are sending unauthenticated requests to the HF Hub. Please set a HF_TOKEN to enable higher rate limits and faster downloads.
Loading weights:   0%|          | 0/103 [00:00<?, ?it/s]Loading weights: 100%|██████████| 103/103 [00:00<00:00, 29410.67it/s]
[transformers] [1mRobertaModel LOAD REPORT[0m from: seyonec/ChemBERTa-zinc-base-v1
Key                       | Status     |  | 
--------------------------+------------+--+-
lm_head.decoder.bias      | UNEXPECTED |  | 
lm_head.dense.bias        | UNEXPECTED |  | 
lm_head.decoder.weight    | UNEXPECTED |  | 
lm_head.layer_norm.bias   | UNEXPECTED |  | 
lm_head.layer_norm.weight | UNEXPECTED |  | 
lm_head.dense.weight      | UNEXPECTED |  | 
lm_head.bias              | UNEXPECTED |  | 

Notes:
- UNEXPECTED:	can be ignored when loading from different task/architecture; not ok if you expect identical arch.
[ppb] Multimodal ChemBERTa+GAT seed=42 n=1291/161/162 tasks=1 device=mps graph=3x128 drop=0.25
  epochs 1-2: ChemBERTa frozen
[ppb/fusion-gat] seed=42 epoch 1/20 loss=0.9014 train_r2=0.1780 valid_r2=0.2294
[ppb/fusion-gat] seed=42 epoch 2/20 loss=0.8102 train_r2=0.3582 valid_r2=0.3442
  epoch 3: ChemBERTa unfrozen (diff LR)
[ppb/fusion-gat] seed=42 epoch 3/20 loss=0.7095 train_r2=0.4175 valid_r2=0.2799
[ppb/fusion-gat] seed=42 epoch 4/20 loss=0.6414 train_r2=0.5042 valid_r2=0.3574
[ppb/fusion-gat] seed=42 epoch 5/20 loss=0.5180 train_r2=0.6051 valid_r2=0.3506
[ppb/fusion-gat] seed=42 epoch 6/20 loss=0.4431 train_r2=0.6873 valid_r2=0.4048
[ppb/fusion-gat] seed=42 epoch 7/20 loss=0.3925 train_r2=0.7591 valid_r2=0.4410
[ppb/fusion-gat] seed=42 epoch 8/20 loss=0.3309 train_r2=0.7687 valid_r2=0.4090
[ppb/fusion-gat] seed=42 epoch 9/20 loss=0.2760 train_r2=0.6796 valid_r2=0.3296
[ppb/fusion-gat] seed=42 epoch 10/20 loss=0.2806 train_r2=0.8288 valid_r2=0.3674
[ppb/fusion-gat] seed=42 epoch 11/20 loss=0.2290 train_r2=0.7958 valid_r2=0.3675
[ppb/fusion-gat] seed=42 epoch 12/20 loss=0.2202 train_r2=0.8709 valid_r2=0.4159
[ppb/fusion-gat] seed=42 epoch 13/20 loss=0.1984 train_r2=0.8503 valid_r2=0.4292
[ppb/fusion-gat] seed=42 epoch 14/20 loss=0.1885 train_r2=0.8418 valid_r2=0.3461
[ppb/fusion-gat] seed=42 epoch 15/20 loss=0.2255 train_r2=0.7886 valid_r2=0.3610
[ppb/fusion-gat] seed=42 epoch 16/20 loss=0.1644 train_r2=0.8920 valid_r2=0.4056
[ppb/fusion-gat] seed=42 epoch 17/20 loss=0.1716 train_r2=0.9023 valid_r2=0.3762
[ppb/fusion-gat] seed=42 epoch 18/20 loss=0.1468 train_r2=0.8919 valid_r2=0.4100
[ppb/fusion-gat] seed=42 epoch 19/20 loss=0.1486 train_r2=0.8990 valid_r2=0.3630
[ppb/fusion-gat] seed=42 epoch 20/20 loss=0.1333 train_r2=0.8945 valid_r2=0.3960
[ppb] Multimodal ChemBERTa+GAT seed=42 best_epoch=7 test R2=0.1935 RMSE=0.8719 (1696.8s)
Loading weights:   0%|          | 0/103 [00:00<?, ?it/s]Loading weights: 100%|██████████| 103/103 [00:00<00:00, 43536.56it/s]
[transformers] [1mRobertaModel LOAD REPORT[0m from: seyonec/ChemBERTa-zinc-base-v1
Key                       | Status     |  | 
--------------------------+------------+--+-
lm_head.decoder.bias      | UNEXPECTED |  | 
lm_head.dense.bias        | UNEXPECTED |  | 
lm_head.decoder.weight    | UNEXPECTED |  | 
lm_head.layer_norm.bias   | UNEXPECTED |  | 
lm_head.layer_norm.weight | UNEXPECTED |  | 
lm_head.dense.weight      | UNEXPECTED |  | 
lm_head.bias              | UNEXPECTED |  | 

Notes:
- UNEXPECTED:	can be ignored when loading from different task/architecture; not ok if you expect identical arch.
[ppb] Multimodal ChemBERTa+GAT seed=43 n=1291/161/162 tasks=1 device=mps graph=3x128 drop=0.25
  epochs 1-2: ChemBERTa frozen
[ppb/fusion-gat] seed=43 epoch 1/20 loss=0.9044 train_r2=0.1780 valid_r2=0.1171
[ppb/fusion-gat] seed=43 epoch 2/20 loss=0.8028 train_r2=0.3041 valid_r2=0.2184
  epoch 3: ChemBERTa unfrozen (diff LR)
[ppb/fusion-gat] seed=43 epoch 3/20 loss=0.7624 train_r2=0.3527 valid_r2=0.2229
[ppb/fusion-gat] seed=43 epoch 4/20 loss=0.6080 train_r2=0.5569 valid_r2=0.3681
[ppb/fusion-gat] seed=43 epoch 5/20 loss=0.5285 train_r2=0.6692 valid_r2=0.3465
[ppb/fusion-gat] seed=43 epoch 6/20 loss=0.4541 train_r2=0.7453 valid_r2=0.4002
[ppb/fusion-gat] seed=43 epoch 7/20 loss=0.3691 train_r2=0.7630 valid_r2=0.3684
[ppb/fusion-gat] seed=43 epoch 8/20 loss=0.3196 train_r2=0.6865 valid_r2=0.3047
[ppb/fusion-gat] seed=43 epoch 9/20 loss=0.2921 train_r2=0.8189 valid_r2=0.4260
[ppb/fusion-gat] seed=43 epoch 10/20 loss=0.2880 train_r2=0.8393 valid_r2=0.4458
[ppb/fusion-gat] seed=43 epoch 11/20 loss=0.2262 train_r2=0.8412 valid_r2=0.3233
[ppb/fusion-gat] seed=43 epoch 12/20 loss=0.2274 train_r2=0.8439 valid_r2=0.4146
[ppb/fusion-gat] seed=43 epoch 13/20 loss=0.1936 train_r2=0.7898 valid_r2=0.2782
[ppb/fusion-gat] seed=43 epoch 14/20 loss=0.1975 train_r2=0.8780 valid_r2=0.2643
[ppb/fusion-gat] seed=43 epoch 15/20 loss=0.1710 train_r2=0.8914 valid_r2=0.3650
[ppb/fusion-gat] seed=43 epoch 16/20 loss=0.1820 train_r2=0.9054 valid_r2=0.3450
[ppb/fusion-gat] seed=43 epoch 17/20 loss=0.1601 train_r2=0.9134 valid_r2=0.3418
[ppb/fusion-gat] seed=43 epoch 18/20 loss=0.1391 train_r2=0.7804 valid_r2=0.3165
[ppb/fusion-gat] seed=43 epoch 19/20 loss=0.1709 train_r2=0.8952 valid_r2=0.3296
[ppb/fusion-gat] seed=43 epoch 20/20 loss=0.1652 train_r2=0.8899 valid_r2=0.2507
[ppb] Multimodal ChemBERTa+GAT seed=43 best_epoch=10 test R2=0.1660 RMSE=0.8867 (1741.0s)
Loading weights:   0%|          | 0/103 [00:00<?, ?it/s]Loading weights: 100%|██████████| 103/103 [00:00<00:00, 49565.55it/s]
[transformers] [1mRobertaModel LOAD REPORT[0m from: seyonec/ChemBERTa-zinc-base-v1
Key                       | Status     |  | 
--------------------------+------------+--+-
lm_head.decoder.bias      | UNEXPECTED |  | 
lm_head.dense.bias        | UNEXPECTED |  | 
lm_head.decoder.weight    | UNEXPECTED |  | 
lm_head.layer_norm.bias   | UNEXPECTED |  | 
lm_head.layer_norm.weight | UNEXPECTED |  | 
lm_head.dense.weight      | UNEXPECTED |  | 
lm_head.bias              | UNEXPECTED |  | 

Notes:
- UNEXPECTED:	can be ignored when loading from different task/architecture; not ok if you expect identical arch.
[ppb] Multimodal ChemBERTa+GAT seed=44 n=1291/161/162 tasks=1 device=mps graph=3x128 drop=0.25
  epochs 1-2: ChemBERTa frozen
[ppb/fusion-gat] seed=44 epoch 1/20 loss=0.9139 train_r2=0.1571 valid_r2=0.1194
[ppb/fusion-gat] seed=44 epoch 2/20 loss=0.7889 train_r2=0.3569 valid_r2=0.2559
  epoch 3: ChemBERTa unfrozen (diff LR)
[ppb/fusion-gat] seed=44 epoch 3/20 loss=0.7550 train_r2=0.4426 valid_r2=0.3258
[ppb/fusion-gat] seed=44 epoch 4/20 loss=0.6199 train_r2=0.3958 valid_r2=0.2235
[ppb/fusion-gat] seed=44 epoch 5/20 loss=0.5585 train_r2=0.6162 valid_r2=0.4319
[ppb/fusion-gat] seed=44 epoch 6/20 loss=0.4593 train_r2=0.7192 valid_r2=0.4017
[ppb/fusion-gat] seed=44 epoch 7/20 loss=0.4154 train_r2=0.6944 valid_r2=0.3149
[ppb/fusion-gat] seed=44 epoch 8/20 loss=0.3533 train_r2=0.7979 valid_r2=0.3597
[ppb/fusion-gat] seed=44 epoch 9/20 loss=0.2775 train_r2=0.7997 valid_r2=0.3436
[ppb/fusion-gat] seed=44 epoch 10/20 loss=0.2461 train_r2=0.8381 valid_r2=0.3402
[ppb/fusion-gat] seed=44 epoch 11/20 loss=0.2493 train_r2=0.8326 valid_r2=0.3635
[ppb/fusion-gat] seed=44 epoch 12/20 loss=0.2247 train_r2=0.8689 valid_r2=0.3926
[ppb/fusion-gat] seed=44 epoch 13/20 loss=0.2038 train_r2=0.8708 valid_r2=0.3263
[ppb/fusion-gat] seed=44 epoch 14/20 loss=0.1907 train_r2=0.8987 valid_r2=0.3554
[ppb/fusion-gat] seed=44 epoch 15/20 loss=0.2077 train_r2=0.8608 valid_r2=0.3564
[ppb/fusion-gat] seed=44 epoch 16/20 loss=0.1669 train_r2=0.8516 valid_r2=0.2563
[ppb/fusion-gat] seed=44 epoch 17/20 loss=0.1579 train_r2=0.9131 valid_r2=0.3658
[ppb/fusion-gat] seed=44 epoch 18/20 loss=0.1643 train_r2=0.8979 valid_r2=0.4043
[ppb/fusion-gat] seed=44 epoch 19/20 loss=0.1514 train_r2=0.8757 valid_r2=0.2714
[ppb/fusion-gat] seed=44 epoch 20/20 loss=0.1366 train_r2=0.8235 valid_r2=0.2990
[ppb] Multimodal ChemBERTa+GAT seed=44 best_epoch=5 test R2=0.1723 RMSE=0.8833 (1760.4s)
[2026-08-25 04:05:34] === fusion GAT done; compiling PPB_pivot ===
PPB_pivot compiled
  rows: 35
  main models: ['ChemBERTa_zinc_base_v1_lr1e-05_e20', 'Multimodal_ChemBERTa_GAT_e20', 'Multimodal_ChemBERTa_GCN_e20', 'Multimodal_ChemBERTa_GIN_e20', 'PyG_GAT_h128_e100', 'PyG_GCN_h128_e100', 'PyG_GIN_h128_e100', 'RandomForest_ECFP', 'XGBoost_ECFP']
         label  n   r2_mean   r2_std  rmse_orig_mean
 ChemBERTa+GCN  3  0.230716 0.076843       14.131753
 ChemBERTa+GIN  3  0.204811 0.002446       14.379547
 ChemBERTa+GAT  3  0.177280 0.014389       14.625990
           GAT  3  0.144795 0.043474       14.909124
           GCN  3  0.144377 0.034299       14.913956
     ChemBERTa  3  0.133244 0.048998       15.008669
           GIN  3  0.048597 0.047692       15.725369
XGBoost + ECFP  3 -0.043197 0.022557       16.469358
     RF + ECFP  3 -0.088854 0.017271       16.826205
Wrote /Users/pradyu/Documents/1_Work/2_Research/DeepChem_ML/Project_1/PPB_pivot
[2026-08-25 04:05:35] === DONE ChemBERTa+GAT PPB ===
