[2026-08-25 04:22:42] === START TripleGNN GCN+GIN+GAT PPB seeds 42,43,44 ===
No normalization for SPS. Feature removed!
No normalization for AvgIpc. Feature removed!
No normalization for NumAmideBonds. Feature removed!
No normalization for NumAtomStereoCenters. Feature removed!
No normalization for NumBridgeheadAtoms. Feature removed!
No normalization for NumHeterocycles. Feature removed!
No normalization for NumSpiroAtoms. Feature removed!
No normalization for NumUnspecifiedAtomStereoCenters. Feature removed!
No normalization for Phi. Feature removed!
Skipped loading some Tensorflow models, missing a dependency. No module named 'tensorflow'
Skipped loading modules with pytorch-geometric dependency, missing a dependency. No module named 'dgl'
Skipped loading modules with transformers dependency. No module named 'transformers.models.roberta.tokenization_roberta_fast'
cannot import name 'Chemberta' from 'deepchem.models.torch_models' (/Users/pradyu/opt/miniconda3/envs/dc/lib/python3.10/site-packages/deepchem/models/torch_models/__init__.py)
Skipped loading modules with pytorch-lightning dependency, missing a dependency. No module named 'lightning'
Skipped loading some Jax models, missing a dependency. No module named 'jax'
Skipped loading some PyTorch models, missing a dependency. No module named 'tensorflow'
[ppb] TripleGNN GCN+GIN+GAT seed=42 n=1291/161/162 params=345089 device=mps graph=3x128 drop=0.25
[ppb/triple-gnn] seed=42 epoch 1/100 loss=0.9397 train_r2=0.1228 valid_r2=0.1128
[ppb/triple-gnn] seed=42 epoch 2/100 loss=0.8435 train_r2=0.2035 valid_r2=0.1759
[ppb/triple-gnn] seed=42 epoch 3/100 loss=0.7558 train_r2=0.2841 valid_r2=0.1951
[ppb/triple-gnn] seed=42 epoch 4/100 loss=0.7143 train_r2=0.2662 valid_r2=0.1835
[ppb/triple-gnn] seed=42 epoch 5/100 loss=0.6980 train_r2=0.3842 valid_r2=0.2605
[ppb/triple-gnn] seed=42 epoch 6/100 loss=0.6675 train_r2=0.3772 valid_r2=0.2893
[ppb/triple-gnn] seed=42 epoch 7/100 loss=0.6567 train_r2=0.4289 valid_r2=0.3464
[ppb/triple-gnn] seed=42 epoch 8/100 loss=0.6703 train_r2=0.4756 valid_r2=0.2959
[ppb/triple-gnn] seed=42 epoch 9/100 loss=0.6251 train_r2=0.4505 valid_r2=0.3047
[ppb/triple-gnn] seed=42 epoch 10/100 loss=0.6330 train_r2=0.3407 valid_r2=0.2400
[ppb/triple-gnn] seed=42 epoch 11/100 loss=0.5907 train_r2=0.4956 valid_r2=0.3605
[ppb/triple-gnn] seed=42 epoch 12/100 loss=0.5826 train_r2=0.5230 valid_r2=0.3716
[ppb/triple-gnn] seed=42 epoch 13/100 loss=0.5781 train_r2=0.4051 valid_r2=0.2835
[ppb/triple-gnn] seed=42 epoch 14/100 loss=0.5902 train_r2=0.4810 valid_r2=0.3545
[ppb/triple-gnn] seed=42 epoch 15/100 loss=0.5437 train_r2=0.4528 valid_r2=0.3093
[ppb/triple-gnn] seed=42 epoch 16/100 loss=0.5466 train_r2=0.4980 valid_r2=0.3424
[ppb/triple-gnn] seed=42 epoch 17/100 loss=0.5507 train_r2=0.3994 valid_r2=0.2148
[ppb/triple-gnn] seed=42 epoch 18/100 loss=0.5470 train_r2=0.4629 valid_r2=0.3128
[ppb/triple-gnn] seed=42 epoch 19/100 loss=0.5268 train_r2=0.4652 valid_r2=0.2881
[ppb/triple-gnn] seed=42 epoch 20/100 loss=0.5238 train_r2=0.5585 valid_r2=0.2678
[ppb/triple-gnn] seed=42 epoch 21/100 loss=0.5626 train_r2=0.4950 valid_r2=0.2848
[ppb/triple-gnn] seed=42 epoch 22/100 loss=0.5514 train_r2=0.5744 valid_r2=0.3386
[ppb/triple-gnn] seed=42 epoch 23/100 loss=0.5351 train_r2=0.4213 valid_r2=0.2102
[ppb/triple-gnn] seed=42 epoch 24/100 loss=0.4945 train_r2=0.5796 valid_r2=0.2293
[ppb/triple-gnn] seed=42 epoch 25/100 loss=0.5203 train_r2=0.5443 valid_r2=0.2930
[ppb/triple-gnn] seed=42 epoch 26/100 loss=0.4695 train_r2=0.5969 valid_r2=0.3176
[ppb/triple-gnn] seed=42 epoch 27/100 loss=0.5145 train_r2=0.6010 valid_r2=0.2542
[ppb/triple-gnn] seed=42 epoch 28/100 loss=0.5077 train_r2=0.5789 valid_r2=0.3064
[ppb/triple-gnn] seed=42 epoch 29/100 loss=0.4866 train_r2=0.5629 valid_r2=0.3217
[ppb/triple-gnn] seed=42 epoch 30/100 loss=0.5034 train_r2=0.5044 valid_r2=0.2730
[ppb/triple-gnn] seed=42 epoch 31/100 loss=0.4964 train_r2=0.6015 valid_r2=0.3625
[ppb/triple-gnn] seed=42 epoch 32/100 loss=0.4942 train_r2=0.5430 valid_r2=0.1527
[ppb/triple-gnn] seed=42 epoch 33/100 loss=0.4881 train_r2=0.5332 valid_r2=0.3088
[ppb/triple-gnn] seed=42 epoch 34/100 loss=0.4844 train_r2=0.5754 valid_r2=0.3108
[ppb/triple-gnn] seed=42 epoch 35/100 loss=0.5004 train_r2=0.6382 valid_r2=0.3478
[ppb/triple-gnn] seed=42 epoch 36/100 loss=0.4893 train_r2=0.5838 valid_r2=0.3381
[ppb/triple-gnn] seed=42 epoch 37/100 loss=0.5022 train_r2=0.5978 valid_r2=0.3238
  early stop at epoch 37 (patience=25)
[ppb] TripleGNN seed=42 best_epoch=12 test R2=0.1499 RMSE=0.8952 (2673.8s)
[ppb] TripleGNN GCN+GIN+GAT seed=43 n=1291/161/162 params=345089 device=mps graph=3x128 drop=0.25
[ppb/triple-gnn] seed=43 epoch 1/100 loss=0.9165 train_r2=0.2245 valid_r2=0.1794
[ppb/triple-gnn] seed=43 epoch 2/100 loss=0.8329 train_r2=0.1889 valid_r2=0.1064
[ppb/triple-gnn] seed=43 epoch 3/100 loss=0.7854 train_r2=0.3181 valid_r2=0.2207
[ppb/triple-gnn] seed=43 epoch 4/100 loss=0.7302 train_r2=0.2134 valid_r2=0.1058
[ppb/triple-gnn] seed=43 epoch 5/100 loss=0.7120 train_r2=0.3816 valid_r2=0.2779
[ppb/triple-gnn] seed=43 epoch 6/100 loss=0.6823 train_r2=0.4483 valid_r2=0.1962
[ppb/triple-gnn] seed=43 epoch 7/100 loss=0.6502 train_r2=0.4484 valid_r2=0.2893
[ppb/triple-gnn] seed=43 epoch 8/100 loss=0.6688 train_r2=0.3147 valid_r2=0.0822
[ppb/triple-gnn] seed=43 epoch 9/100 loss=0.6639 train_r2=0.3587 valid_r2=0.2034
[ppb/triple-gnn] seed=43 epoch 10/100 loss=0.6477 train_r2=0.4565 valid_r2=0.2412
[ppb/triple-gnn] seed=43 epoch 11/100 loss=0.6069 train_r2=0.4466 valid_r2=0.2517
[ppb/triple-gnn] seed=43 epoch 12/100 loss=0.5949 train_r2=0.3882 valid_r2=0.2486
[ppb/triple-gnn] seed=43 epoch 13/100 loss=0.5756 train_r2=0.4043 valid_r2=0.2671
[ppb/triple-gnn] seed=43 epoch 14/100 loss=0.6021 train_r2=0.4572 valid_r2=0.1826
[ppb/triple-gnn] seed=43 epoch 15/100 loss=0.5919 train_r2=0.5028 valid_r2=0.2477
[ppb/triple-gnn] seed=43 epoch 16/100 loss=0.5850 train_r2=0.4338 valid_r2=0.2450
[ppb/triple-gnn] seed=43 epoch 17/100 loss=0.5851 train_r2=0.5015 valid_r2=0.2388
[ppb/triple-gnn] seed=43 epoch 18/100 loss=0.5596 train_r2=0.5390 valid_r2=0.3327
[ppb/triple-gnn] seed=43 epoch 19/100 loss=0.5705 train_r2=0.5435 valid_r2=0.3308
[ppb/triple-gnn] seed=43 epoch 20/100 loss=0.5222 train_r2=0.5090 valid_r2=0.2233
[ppb/triple-gnn] seed=43 epoch 21/100 loss=0.5490 train_r2=0.5639 valid_r2=0.3507
[ppb/triple-gnn] seed=43 epoch 22/100 loss=0.5512 train_r2=0.5511 valid_r2=0.2790
[2026-08-25 06:07:09] === TripleGNN done; compiling PPB_pivot ===
PPB_pivot compiled
  rows: 36
  main models: ['ChemBERTa_zinc_base_v1_lr1e-05_e20', 'Multimodal_ChemBERTa_GAT_e20', 'Multimodal_ChemBERTa_GCN_e20', 'Multimodal_ChemBERTa_GIN_e20', 'PyG_GAT_h128_e100', 'PyG_GCN_h128_e100', 'PyG_GIN_h128_e100', 'RandomForest_ECFP', 'TripleGNN_GCN_GIN_GAT_h128_e100', 'XGBoost_ECFP']
         label  n   r2_mean   r2_std  rmse_orig_mean
 ChemBERTa+GCN  3  0.230716 0.076843       14.131753
 ChemBERTa+GIN  3  0.204811 0.002446       14.379547
 ChemBERTa+GAT  3  0.177280 0.014389       14.625990
   GCN+GIN+GAT  1  0.149913      NaN       14.867638
           GAT  3  0.144795 0.043474       14.909124
           GCN  3  0.144377 0.034299       14.913956
     ChemBERTa  3  0.133244 0.048998       15.008669
           GIN  3  0.048597 0.047692       15.725369
XGBoost + ECFP  3 -0.043197 0.022557       16.469358
     RF + ECFP  3 -0.088854 0.017271       16.826205
Wrote /Users/pradyu/Documents/1_Work/2_Research/DeepChem_ML/Project_1/PPB_pivot
[2026-08-25 06:07:10] === DONE TripleGNN PPB ===
[2026-08-25 06:08:06] === START TripleGNN GCN+GIN+GAT PPB seeds 43,44 ===
No normalization for SPS. Feature removed!
No normalization for AvgIpc. Feature removed!
No normalization for NumAmideBonds. Feature removed!
No normalization for NumAtomStereoCenters. Feature removed!
No normalization for NumBridgeheadAtoms. Feature removed!
No normalization for NumHeterocycles. Feature removed!
No normalization for NumSpiroAtoms. Feature removed!
No normalization for NumUnspecifiedAtomStereoCenters. Feature removed!
No normalization for Phi. Feature removed!
Skipped loading some Tensorflow models, missing a dependency. No module named 'tensorflow'
Skipped loading modules with pytorch-geometric dependency, missing a dependency. No module named 'dgl'
Skipped loading modules with transformers dependency. No module named 'transformers.models.roberta.tokenization_roberta_fast'
cannot import name 'Chemberta' from 'deepchem.models.torch_models' (/Users/pradyu/opt/miniconda3/envs/dc/lib/python3.10/site-packages/deepchem/models/torch_models/__init__.py)
Skipped loading modules with pytorch-lightning dependency, missing a dependency. No module named 'lightning'
Skipped loading some Jax models, missing a dependency. No module named 'jax'
Skipped loading some PyTorch models, missing a dependency. No module named 'tensorflow'
[ppb] TripleGNN GCN+GIN+GAT seed=43 n=1291/161/162 params=345089 device=mps graph=3x128 drop=0.25
[ppb/triple-gnn] seed=43 epoch 1/100 loss=0.9176 train_r2=0.2212 valid_r2=0.1665
[ppb/triple-gnn] seed=43 epoch 2/100 loss=0.8362 train_r2=0.2028 valid_r2=0.1288
[ppb/triple-gnn] seed=43 epoch 3/100 loss=0.7878 train_r2=0.2670 valid_r2=0.1429
[ppb/triple-gnn] seed=43 epoch 4/100 loss=0.7378 train_r2=0.2600 valid_r2=0.1236
[ppb/triple-gnn] seed=43 epoch 5/100 loss=0.7059 train_r2=0.4044 valid_r2=0.2536
[ppb/triple-gnn] seed=43 epoch 6/100 loss=0.6881 train_r2=0.4458 valid_r2=0.1557
[ppb/triple-gnn] seed=43 epoch 7/100 loss=0.6615 train_r2=0.3962 valid_r2=0.2140
[ppb/triple-gnn] seed=43 epoch 8/100 loss=0.6541 train_r2=0.4047 valid_r2=0.2216
[ppb/triple-gnn] seed=43 epoch 9/100 loss=0.6630 train_r2=0.3206 valid_r2=0.1717
[ppb/triple-gnn] seed=43 epoch 10/100 loss=0.6498 train_r2=0.3974 valid_r2=0.1802
[ppb/triple-gnn] seed=43 epoch 11/100 loss=0.5984 train_r2=0.4797 valid_r2=0.2326
[ppb/triple-gnn] seed=43 epoch 12/100 loss=0.5918 train_r2=0.3566 valid_r2=0.2366
[ppb/triple-gnn] seed=43 epoch 13/100 loss=0.5713 train_r2=0.4240 valid_r2=0.2779
[ppb/triple-gnn] seed=43 epoch 14/100 loss=0.5997 train_r2=0.5088 valid_r2=0.2444
[ppb/triple-gnn] seed=43 epoch 15/100 loss=0.5771 train_r2=0.4762 valid_r2=0.2470
[ppb/triple-gnn] seed=43 epoch 16/100 loss=0.5741 train_r2=0.3779 valid_r2=0.2308
[ppb/triple-gnn] seed=43 epoch 17/100 loss=0.5856 train_r2=0.5038 valid_r2=0.2756
[ppb/triple-gnn] seed=43 epoch 18/100 loss=0.5666 train_r2=0.5469 valid_r2=0.3679
[ppb/triple-gnn] seed=43 epoch 19/100 loss=0.5573 train_r2=0.4969 valid_r2=0.2160
[ppb/triple-gnn] seed=43 epoch 20/100 loss=0.5222 train_r2=0.5710 valid_r2=0.2707
[ppb/triple-gnn] seed=43 epoch 21/100 loss=0.5444 train_r2=0.5595 valid_r2=0.3498
[ppb/triple-gnn] seed=43 epoch 22/100 loss=0.5608 train_r2=0.5364 valid_r2=0.3549
[ppb/triple-gnn] seed=43 epoch 23/100 loss=0.5046 train_r2=0.5666 valid_r2=0.3679
[ppb/triple-gnn] seed=43 epoch 24/100 loss=0.5207 train_r2=0.6023 valid_r2=0.3479
[ppb/triple-gnn] seed=43 epoch 25/100 loss=0.5307 train_r2=0.3263 valid_r2=0.0847
[ppb/triple-gnn] seed=43 epoch 26/100 loss=0.5322 train_r2=0.5151 valid_r2=0.2827
[ppb/triple-gnn] seed=43 epoch 27/100 loss=0.4901 train_r2=0.5897 valid_r2=0.2767
[ppb/triple-gnn] seed=43 epoch 28/100 loss=0.4863 train_r2=0.5240 valid_r2=0.2470
[ppb/triple-gnn] seed=43 epoch 29/100 loss=0.5009 train_r2=0.6134 valid_r2=0.3939
[ppb/triple-gnn] seed=43 epoch 30/100 loss=0.5050 train_r2=0.5242 valid_r2=0.3014
[ppb/triple-gnn] seed=43 epoch 31/100 loss=0.5026 train_r2=0.5950 valid_r2=0.3395
[ppb/triple-gnn] seed=43 epoch 32/100 loss=0.4658 train_r2=0.6324 valid_r2=0.2106
[ppb/triple-gnn] seed=43 epoch 33/100 loss=0.4877 train_r2=0.6191 valid_r2=0.3449
[ppb/triple-gnn] seed=43 epoch 34/100 loss=0.4759 train_r2=0.5098 valid_r2=0.2196
[ppb/triple-gnn] seed=43 epoch 35/100 loss=0.4997 train_r2=0.5793 valid_r2=0.3518
[ppb/triple-gnn] seed=43 epoch 36/100 loss=0.4901 train_r2=0.6151 valid_r2=0.3095
[ppb/triple-gnn] seed=43 epoch 37/100 loss=0.4554 train_r2=0.5292 valid_r2=0.0985
[ppb/triple-gnn] seed=43 epoch 38/100 loss=0.4676 train_r2=0.6466 valid_r2=0.3675
[ppb/triple-gnn] seed=43 epoch 39/100 loss=0.4919 train_r2=0.6556 valid_r2=0.3660
[ppb/triple-gnn] seed=43 epoch 40/100 loss=0.4720 train_r2=0.6246 valid_r2=0.2096
[ppb/triple-gnn] seed=43 epoch 41/100 loss=0.4008 train_r2=0.5936 valid_r2=0.3195
[ppb/triple-gnn] seed=43 epoch 42/100 loss=0.4775 train_r2=0.6286 valid_r2=0.3398
[ppb/triple-gnn] seed=43 epoch 43/100 loss=0.4195 train_r2=0.6217 valid_r2=0.3033
[ppb/triple-gnn] seed=43 epoch 44/100 loss=0.4214 train_r2=0.6337 valid_r2=0.2487
[ppb/triple-gnn] seed=43 epoch 45/100 loss=0.4609 train_r2=0.6351 valid_r2=0.3436
[ppb/triple-gnn] seed=43 epoch 46/100 loss=0.4495 train_r2=0.5768 valid_r2=0.1784
[ppb/triple-gnn] seed=43 epoch 47/100 loss=0.4063 train_r2=0.6275 valid_r2=0.3192
[ppb/triple-gnn] seed=43 epoch 48/100 loss=0.4811 train_r2=0.6504 valid_r2=0.3665
[ppb/triple-gnn] seed=43 epoch 49/100 loss=0.4364 train_r2=0.6862 valid_r2=0.3404
[ppb/triple-gnn] seed=43 epoch 50/100 loss=0.4180 train_r2=0.6228 valid_r2=0.2922
[ppb/triple-gnn] seed=43 epoch 51/100 loss=0.4570 train_r2=0.6765 valid_r2=0.3435
[ppb/triple-gnn] seed=43 epoch 52/100 loss=0.4189 train_r2=0.6755 valid_r2=0.3128
[ppb/triple-gnn] seed=43 epoch 53/100 loss=0.4189 train_r2=0.5690 valid_r2=0.2324
[ppb/triple-gnn] seed=43 epoch 54/100 loss=0.4476 train_r2=0.6644 valid_r2=0.3198
  early stop at epoch 54 (patience=25)
[ppb] TripleGNN seed=43 best_epoch=29 test R2=0.1632 RMSE=0.8882 (4164.5s)
[ppb] TripleGNN GCN+GIN+GAT seed=44 n=1291/161/162 params=345089 device=mps graph=3x128 drop=0.25
[ppb/triple-gnn] seed=44 epoch 1/100 loss=0.9346 train_r2=0.1766 valid_r2=0.1557
[ppb/triple-gnn] seed=44 epoch 2/100 loss=0.8355 train_r2=0.2448 valid_r2=0.2717
[ppb/triple-gnn] seed=44 epoch 3/100 loss=0.7646 train_r2=0.3240 valid_r2=0.2952
[ppb/triple-gnn] seed=44 epoch 4/100 loss=0.7651 train_r2=0.3499 valid_r2=0.3016
[ppb/triple-gnn] seed=44 epoch 5/100 loss=0.6653 train_r2=0.3901 valid_r2=0.2261
[ppb/triple-gnn] seed=44 epoch 6/100 loss=0.6768 train_r2=0.3021 valid_r2=0.1448
[ppb/triple-gnn] seed=44 epoch 7/100 loss=0.6755 train_r2=0.4129 valid_r2=0.2328
[ppb/triple-gnn] seed=44 epoch 8/100 loss=0.6975 train_r2=0.3647 valid_r2=0.1662
[2026-08-25 07:38:47] === START TripleGNN GCN+GIN+GAT PPB seeds 44 ===
No normalization for SPS. Feature removed!
No normalization for AvgIpc. Feature removed!
No normalization for NumAmideBonds. Feature removed!
No normalization for NumAtomStereoCenters. Feature removed!
No normalization for NumBridgeheadAtoms. Feature removed!
No normalization for NumHeterocycles. Feature removed!
No normalization for NumSpiroAtoms. Feature removed!
No normalization for NumUnspecifiedAtomStereoCenters. Feature removed!
No normalization for Phi. Feature removed!
Skipped loading some Tensorflow models, missing a dependency. No module named 'tensorflow'
Skipped loading modules with pytorch-geometric dependency, missing a dependency. No module named 'dgl'
Skipped loading modules with transformers dependency. No module named 'transformers.models.roberta.tokenization_roberta_fast'
cannot import name 'Chemberta' from 'deepchem.models.torch_models' (/Users/pradyu/opt/miniconda3/envs/dc/lib/python3.10/site-packages/deepchem/models/torch_models/__init__.py)
Skipped loading modules with pytorch-lightning dependency, missing a dependency. No module named 'lightning'
Skipped loading some Jax models, missing a dependency. No module named 'jax'
Skipped loading some PyTorch models, missing a dependency. No module named 'tensorflow'
[ppb] TripleGNN GCN+GIN+GAT seed=44 n=1291/161/162 params=345089 device=mps graph=3x128 drop=0.25
[ppb/triple-gnn] seed=44 epoch 1/100 loss=0.9354 train_r2=0.1829 valid_r2=0.1564
[ppb/triple-gnn] seed=44 epoch 2/100 loss=0.8357 train_r2=0.2736 valid_r2=0.2703
[ppb/triple-gnn] seed=44 epoch 3/100 loss=0.7679 train_r2=0.3255 valid_r2=0.3061
[ppb/triple-gnn] seed=44 epoch 4/100 loss=0.7632 train_r2=0.3468 valid_r2=0.2915
[ppb/triple-gnn] seed=44 epoch 5/100 loss=0.6724 train_r2=0.3693 valid_r2=0.2110
[ppb/triple-gnn] seed=44 epoch 6/100 loss=0.6945 train_r2=0.3194 valid_r2=0.1778
[ppb/triple-gnn] seed=44 epoch 7/100 loss=0.6849 train_r2=0.3194 valid_r2=0.1305
[ppb/triple-gnn] seed=44 epoch 8/100 loss=0.6953 train_r2=0.3878 valid_r2=0.2187
[ppb/triple-gnn] seed=44 epoch 9/100 loss=0.6460 train_r2=0.4398 valid_r2=0.3295
[ppb/triple-gnn] seed=44 epoch 10/100 loss=0.6509 train_r2=0.4687 valid_r2=0.3034
[ppb/triple-gnn] seed=44 epoch 11/100 loss=0.6328 train_r2=0.4156 valid_r2=0.3153
[ppb/triple-gnn] seed=44 epoch 12/100 loss=0.6379 train_r2=0.3669 valid_r2=0.2927
[ppb/triple-gnn] seed=44 epoch 13/100 loss=0.6329 train_r2=0.3982 valid_r2=0.2171
[ppb/triple-gnn] seed=44 epoch 14/100 loss=0.5405 train_r2=-0.0150 valid_r2=-0.0927
[ppb/triple-gnn] seed=44 epoch 15/100 loss=0.5997 train_r2=0.4906 valid_r2=0.3507
[ppb/triple-gnn] seed=44 epoch 16/100 loss=0.6033 train_r2=0.4722 valid_r2=0.2976
[ppb/triple-gnn] seed=44 epoch 17/100 loss=0.5720 train_r2=0.5504 valid_r2=0.3980
[ppb/triple-gnn] seed=44 epoch 18/100 loss=0.5385 train_r2=0.5261 valid_r2=0.2989
[ppb/triple-gnn] seed=44 epoch 19/100 loss=0.5722 train_r2=0.4399 valid_r2=0.2200
[ppb/triple-gnn] seed=44 epoch 20/100 loss=0.5588 train_r2=0.5554 valid_r2=0.3520
[ppb/triple-gnn] seed=44 epoch 21/100 loss=0.5295 train_r2=0.5506 valid_r2=0.3048
[ppb/triple-gnn] seed=44 epoch 22/100 loss=0.5598 train_r2=0.5476 valid_r2=0.2519
[ppb/triple-gnn] seed=44 epoch 23/100 loss=0.5016 train_r2=0.4853 valid_r2=0.2016
[ppb/triple-gnn] seed=44 epoch 24/100 loss=0.5403 train_r2=0.4876 valid_r2=0.3019
[ppb/triple-gnn] seed=44 epoch 25/100 loss=0.5133 train_r2=0.4467 valid_r2=0.1376
[ppb/triple-gnn] seed=44 epoch 26/100 loss=0.5671 train_r2=0.5584 valid_r2=0.3455
[ppb/triple-gnn] seed=44 epoch 27/100 loss=0.5136 train_r2=0.6033 valid_r2=0.3030
[ppb/triple-gnn] seed=44 epoch 28/100 loss=0.4862 train_r2=0.5944 valid_r2=0.3010
[ppb/triple-gnn] seed=44 epoch 29/100 loss=0.5161 train_r2=0.4750 valid_r2=0.2318
[ppb/triple-gnn] seed=44 epoch 30/100 loss=0.4975 train_r2=0.6033 valid_r2=0.2980
[ppb/triple-gnn] seed=44 epoch 31/100 loss=0.4766 train_r2=0.5926 valid_r2=0.3409
[ppb/triple-gnn] seed=44 epoch 32/100 loss=0.4904 train_r2=0.5299 valid_r2=0.2387
[ppb/triple-gnn] seed=44 epoch 33/100 loss=0.5056 train_r2=0.5068 valid_r2=0.2096
[ppb/triple-gnn] seed=44 epoch 34/100 loss=0.5019 train_r2=0.6203 valid_r2=0.3611
[ppb/triple-gnn] seed=44 epoch 35/100 loss=0.4535 train_r2=0.6416 valid_r2=0.3185
[ppb/triple-gnn] seed=44 epoch 36/100 loss=0.4639 train_r2=0.6274 valid_r2=0.2947
[ppb/triple-gnn] seed=44 epoch 37/100 loss=0.4917 train_r2=0.5634 valid_r2=0.3104
[ppb/triple-gnn] seed=44 epoch 38/100 loss=0.4576 train_r2=0.5584 valid_r2=0.2368
[ppb/triple-gnn] seed=44 epoch 39/100 loss=0.4574 train_r2=0.5800 valid_r2=0.2916
[ppb/triple-gnn] seed=44 epoch 40/100 loss=0.4461 train_r2=0.6049 valid_r2=0.2346
[ppb/triple-gnn] seed=44 epoch 41/100 loss=0.4563 train_r2=0.6218 valid_r2=0.3514
[ppb/triple-gnn] seed=44 epoch 42/100 loss=0.4789 train_r2=0.6321 valid_r2=0.3053
  early stop at epoch 42 (patience=25)
[ppb] TripleGNN seed=44 best_epoch=17 test R2=0.2986 RMSE=0.8131 (3096.8s)
[2026-08-25 08:33:13] === TripleGNN done; compiling PPB_pivot ===
PPB_pivot compiled
  rows: 38
  main models: ['ChemBERTa_zinc_base_v1_lr1e-05_e20', 'Multimodal_ChemBERTa_GAT_e20', 'Multimodal_ChemBERTa_GCN_e20', 'Multimodal_ChemBERTa_GIN_e20', 'PyG_GAT_h128_e100', 'PyG_GCN_h128_e100', 'PyG_GIN_h128_e100', 'RandomForest_ECFP', 'TripleGNN_GCN_GIN_GAT_h128_e100', 'XGBoost_ECFP']
         label  n   r2_mean   r2_std  rmse_orig_mean
 ChemBERTa+GCN  3  0.230716 0.076843       14.131753
 ChemBERTa+GIN  3  0.204811 0.002446       14.379547
   GCN+GIN+GAT  3  0.203900 0.082267       14.374572
 ChemBERTa+GAT  3  0.177280 0.014389       14.625990
           GAT  3  0.144795 0.043474       14.909124
           GCN  3  0.144377 0.034299       14.913956
     ChemBERTa  3  0.133244 0.048998       15.008669
           GIN  3  0.048597 0.047692       15.725369
XGBoost + ECFP  3 -0.043197 0.022557       16.469358
     RF + ECFP  3 -0.088854 0.017271       16.826205
Wrote /Users/pradyu/Documents/1_Work/2_Research/DeepChem_ML/Project_1/PPB_pivot
[2026-08-25 08:33:14] === DONE TripleGNN PPB ===
